2026-09-24 09:41:41,016 [INFO] [http_logger] persisting to /datasets/_deepnote_work/Emergens/data/http_logs/requests.jsonl
2026-09-24 09:41:41,017 [INFO] [http_logger] attached to Flask app (buffer=5000)
2026-09-24 09:41:44,507 [INFO] User 'Yanxzyx' created/updated (role=owner)
2026-09-24 09:43:09,228 [INFO] Scan started: job=e6489a83-64bd-44fc-b9d4-9f3171f444b1 target=devtools.biz.id mode=expert tools=['connectivity_check', 'dns_lookup', 'email_security', 'headers_check', 'ip_info', 'port_scan', 'scan_apikey', 'search_user', 'sql_map', 'ssl_check', 'subdomain_enum', 'tech_fingerprint', 'whois_lookup', 'xss_exploiter']
2026-09-24 09:46:13,925 [INFO] [xss] source payload-box/xss-payload-list (attempt 1/4)
2026-09-24 09:46:14,054 [INFO] [xss] 867 payloads from payload-box/xss-payload-list
2026-09-24 09:54:23,325 [INFO] [http_logger] persisting to /datasets/_deepnote_work/Emergens/data/http_logs/requests.jsonl
2026-09-24 09:54:23,325 [INFO] [http_logger] attached to Flask app (buffer=5000)
2026-09-24 09:57:02,198 [INFO] [http_logger] persisting to /datasets/_deepnote_work/Emergens/data/http_logs/requests.jsonl
2026-09-24 09:57:02,207 [INFO] [http_logger] attached to Flask app (buffer=5000)
2026-09-24 10:01:52,512 [INFO] [http_logger] persisting to /datasets/_deepnote_work/Emergens/data/http_logs/requests.jsonl
2026-09-24 10:01:52,513 [INFO] [http_logger] attached to Flask app (buffer=5000)
2026-09-24 10:06:13,146 [INFO] [http_logger] persisting to /datasets/_deepnote_work/Emergens/data/http_logs/requests.jsonl
2026-09-24 10:06:13,147 [INFO] [http_logger] attached to Flask app (buffer=5000)
2026-09-24 10:07:37,318 [INFO] Scan started: job=4af84813-7515-4c0c-915c-0948f1c65b2c target=devtools.biz.id mode=expert tools=['connectivity_check', 'dns_lookup', 'email_security', 'headers_check', 'ip_info', 'scan_apikey', 'ssl_check']
2026-09-24 10:07:37,774 [WARNING] ipapi.co gagal untuk 2606:4700:3030::6815:5bb1: 429 Client Error: Too Many Requests for url: https://ipapi.co/2606:4700:3030::6815:5bb1/json/
2026-09-24 10:08:37,703 [INFO] Scan started: job=930920cb-d3a8-4c3f-8de8-8431f72f67ac target=https://tempail.com mode=expert tools=['connectivity_check', 'dns_lookup', 'email_security', 'headers_check', 'ip_info', 'scan_apikey', 'ssl_check']
2026-09-24 10:08:37,866 [ERROR] Gagal resolve https://tempail.com: [Errno -2] Name or service not known
2026-09-24 10:09:49,526 [INFO] Scan started: job=d35d7af4-b3d6-4f29-801e-a4ad258ff0c8 target=robbymc.usga.me mode=expert tools=['connectivity_check', 'dns_lookup', 'email_security', 'headers_check', 'ip_info', 'scan_apikey', 'ssl_check']
2026-09-24 10:17:12,421 [INFO] [http_logger] persisting to /datasets/_deepnote_work/Emergens/data/http_logs/requests.jsonl
2026-09-24 10:17:12,421 [INFO] [http_logger] attached to Flask app (buffer=5000)
2026-09-24 10:18:10,768 [INFO] Scan started: job=6c1a3de4-2a84-42cd-83aa-20852feb5648 target=devtools.biz.id mode=expert tools=['connectivity_check', 'dns_lookup', 'email_security', 'headers_check', 'ip_info', 'scan_apikey']
2026-09-24 10:18:11,177 [WARNING] ipapi.co gagal untuk 2606:4700:3030::6815:5bb1: 429 Client Error: Too Many Requests for url: https://ipapi.co/2606:4700:3030::6815:5bb1/json/
2026-09-24 10:21:33,217 [INFO] Scan started: job=8dd8f741-f055-47e6-b1e9-83ccea909a5f target=tempail.com mode=expert tools=['connectivity_check', 'dns_lookup', 'email_security', 'headers_check', 'ip_info', 'scan_apikey']
2026-09-24 10:26:59,065 [INFO] [http_logger] persisting to /datasets/_deepnote_work/Emergens/data/http_logs/requests.jsonl
2026-09-24 10:26:59,065 [INFO] [http_logger] attached to Flask app (buffer=5000)
2026-09-24 10:29:57,073 [INFO] [http_logger] persisting to /datasets/_deepnote_work/Emergens/data/http_logs/requests.jsonl
2026-09-24 10:29:57,073 [INFO] [http_logger] attached to Flask app (buffer=5000)
2026-09-24 10:31:24,098 [INFO] Scan started: job=dafda56f-7f85-4cf2-8caf-b0c44e6971ac target=devtools.biz.id mode=expert tools=['connectivity_check', 'email_security', 'headers_check', 'scan_apikey']
2026-09-24 10:32:15,884 [INFO] Scan started: job=03160f1d-4fdd-4e00-8db5-747fa6911ab3 target=cloudflare.cp, mode=expert tools=['connectivity_check', 'email_security', 'headers_check', 'scan_apikey']
2026-09-24 10:33:01,210 [INFO] Scan started: job=41a7f16e-cbbc-4d60-b569-89d141391277 target=cloudflare.com mode=expert tools=['connectivity_check', 'email_security', 'headers_check', 'scan_apikey']
2026-09-24 10:40:01,728 [INFO] [http_logger] persisting to /datasets/_deepnote_work/Emergens/data/http_logs/requests.jsonl
2026-09-24 10:40:01,728 [INFO] [http_logger] attached to Flask app (buffer=5000)
2026-09-24 10:43:33,027 [INFO] [http_logger] persisting to /datasets/_deepnote_work/Emergens/data/http_logs/requests.jsonl
2026-09-24 10:43:33,027 [INFO] [http_logger] attached to Flask app (buffer=5000)
2026-09-24 10:44:27,468 [INFO] Scan started: job=e3608741-dc15-43b3-acc6-c1b8f23f0348 target=devtools.biz.id mode=expert tools=['connectivity_check', 'dns_lookup', 'email_security', 'headers_check', 'scan_apikey']
2026-09-24 10:45:44,574 [INFO] Scan started: job=d32a7318-a81f-47ef-819d-a8adae676165 target=cloudflare.com mode=expert tools=['connectivity_check', 'dns_lookup', 'email_security', 'headers_check', 'ip_info', 'scan_apikey', 'ssl_check', 'subdomain_enum', 'tech_fingerprint', 'whois_lookup', 'xss']
2026-09-24 10:48:25,301 [INFO] Scan started: job=32a3755c-cc01-48e8-aab7-69f079f0a4aa target=devtools.biz.id mode=expert tools=['connectivity_check', 'dns_lookup', 'email_security', 'headers_check', 'ip_info', 'scan_apikey', 'ssl_check', 'subdomain_enum', 'tech_fingerprint', 'whois_lookup', 'xss']
2026-09-24 10:55:28,074 [INFO] [http_logger] persisting to /datasets/_deepnote_work/Emergens/data/http_logs/requests.jsonl
2026-09-24 10:55:28,075 [INFO] [http_logger] attached to Flask app (buffer=5000)
2026-09-24 10:56:36,308 [INFO] Scan started: job=f5eeac9a-613d-4cf7-a1ca-118e7301608c target=devtools.biz.id mode=expert tools=['connectivity_check', 'dns_lookup', 'email_security', 'headers_check', 'ip_info', 'scan_apikey', 'sql_map', 'ssl_check', 'subdomain_enum', 'tech_fingerprint', 'whois_lookup', 'xss']
2026-09-24 10:56:36,644 [WARNING] ipapi.co gagal untuk 2606:4700:3036::ac43:b11c: 429 Client Error: Too Many Requests for url: https://ipapi.co/2606:4700:3036::ac43:b11c/json/
2026-09-24 11:11:03,440 [INFO] [http_logger] persisting to /datasets/_deepnote_work/Emergens/data/http_logs/requests.jsonl
2026-09-24 11:11:03,441 [INFO] [http_logger] attached to Flask app (buffer=5000)
2026-09-24 11:14:16,057 [INFO] Scan started: job=cdc7829f-7d96-4391-9739-cbb1053e56c3 target=devtools.biz.id mode=expert tools=['connectivity_check', 'dns_lookup', 'email_security', 'headers_check', 'ip_info', 'scan_apikey', 'sql_map', 'ssl_check', 'subdomain_enum', 'tech_fingerprint', 'whois_lookup', 'xss']
2026-09-24 11:30:55,647 [INFO] [http_logger] persisting to /datasets/_deepnote_work/Emergens/data/http_logs/requests.jsonl
2026-09-24 11:30:55,647 [INFO] [http_logger] attached to Flask app (buffer=5000)
2026-09-24 11:31:33,038 [INFO] Scan started: job=08552fcc-9948-4418-bc95-97bde600191b target=devtools.biz.id mode=expert tools=['connectivity_check', 'dns_lookup', 'email_security', 'headers_check', 'ip_info', 'port_scan', 'scan_apikey', 'sql_map', 'ssl_check', 'subdomain_enum', 'tech_fingerprint', 'whois_lookup', 'xss']
2026-09-24 11:31:35,378 [WARNING] ipapi.co gagal untuk 2606:4700:3036::ac43:b11c: 429 Client Error: Too Many Requests for url: https://ipapi.co/2606:4700:3036::ac43:b11c/json/
2026-09-24 11:37:03,038 [INFO] Scan started: job=56c3231f-066c-4081-82e2-dd51d8a12c2e target=tempail.com mode=expert tools=['connectivity_check', 'dns_lookup', 'email_security', 'headers_check', 'ip_info', 'scan_apikey', 'sql_map', 'ssl_check', 'subdomain_enum', 'tech_fingerprint', 'whois_lookup', 'xss']
2026-09-24 11:44:50,627 [INFO] Scan started: job=dda0a902-ffb2-48bf-94dc-517a0654b503 target=devtools.biz.id mode=basic tools=['connectivity_check', 'dns_lookup', 'email_security', 'headers_check', 'ip_info', 'port_scan', 'scan_apikey', 'sql_map', 'ssl_check', 'subdomain_enum', 'tech_fingerprint', 'whois_lookup', 'xss']
2026-09-24 11:50:18,269 [INFO] [http_logger] persisting to /datasets/_deepnote_work/Emergens/data/http_logs/requests.jsonl
2026-09-24 11:50:18,270 [INFO] [http_logger] attached to Flask app (buffer=5000)
2026-09-25 04:48:29,960 [INFO] [http_logger] persisting to /datasets/_deepnote_work/Emergens/data/http_logs/requests.jsonl
2026-09-25 04:48:29,961 [INFO] [http_logger] attached to Flask app (buffer=5000)
2026-09-25 04:51:19,121 [INFO] Scan started: job=259a0d22-e152-4665-be3b-5e8ace8c16d1 target=devtools.biz.id mode=expert tools=['connectivity_check', 'dns_lookup', 'email_security', 'headers_check', 'ip_info', 'scan_apikey', 'sql_map', 'ssl_check', 'subdomain_enum', 'tech_fingerprint', 'whois_lookup', 'xss']
2026-09-25 04:51:21,600 [WARNING] ipapi.co gagal untuk 2606:4700:3030::6815:5bb1: 429 Client Error: Too Many Requests for url: https://ipapi.co/2606:4700:3030::6815:5bb1/json/
2026-09-25 04:59:20,497 [INFO] [http_logger] persisting to /datasets/_deepnote_work/Emergens/data/http_logs/requests.jsonl
2026-09-25 04:59:20,498 [INFO] [http_logger] attached to Flask app (buffer=5000)
2026-09-25 05:00:05,441 [INFO] Scan started: job=d52f0792-4c69-42d2-bae0-89464074f735 target=tempail.com mode=expert tools=['connectivity_check', 'dns_lookup', 'email_security', 'headers_check', 'ip_info', 'scan_apikey', 'sql_map', 'ssl_check', 'subdomain_enum', 'tech_fingerprint', 'whois_lookup', 'xss']
2026-09-25 05:00:08,906 [WARNING] ipapi.co gagal untuk 2606:4700:3034::6815:3c4c: 429 Client Error: Too Many Requests for url: https://ipapi.co/2606:4700:3034::6815:3c4c/json/
2026-09-25 05:11:29,138 [INFO] [http_logger] persisting to /datasets/_deepnote_work/Emergens/data/http_logs/requests.jsonl
2026-09-25 05:11:29,138 [INFO] [http_logger] attached to Flask app (buffer=5000)
2026-09-25 05:14:18,310 [INFO] Scan started: job=97924e8f-8ee9-44a2-a892-2e360d81f882 target=https://reach-wa-nexus.vercel.app mode=expert tools=['connectivity_check', 'dns_lookup', 'email_security', 'headers_check', 'ip_info', 'scan_apikey', 'sql_map', 'ssl_check', 'subdomain_enum', 'tech_fingerprint', 'whois_lookup', 'xss']
2026-09-25 05:14:18,530 [ERROR] Gagal resolve https://reach-wa-nexus.vercel.app: [Errno -2] Name or service not known
2026-09-25 05:19:34,928 [INFO] Scan started: job=70590d6d-d4b0-40d8-ba41-ccbbc41f185b target=devtools.biz.id mode=expert tools=['connectivity_check', 'headers_check', 'ip_info', 'scan_apikey', 'sql_map', 'ssl_check', 'tech_fingerprint', 'whois_lookup', 'xss']
2026-09-25 05:19:35,275 [WARNING] ipapi.co gagal untuk 2606:4700:3030::6815:5bb1: 429 Client Error: Too Many Requests for url: https://ipapi.co/2606:4700:3030::6815:5bb1/json/
2026-09-25 05:31:45,182 [INFO] Scan started: job=ea4fb97f-0ff2-4b35-839f-fc799cba042a target=https://www.invicti.com/ mode=expert tools=['connectivity_check', 'headers_check', 'ip_info', 'scan_apikey', 'ssl_check', 'tech_fingerprint', 'xss']
2026-09-25 05:31:45,288 [ERROR] Gagal resolve https://www.invicti.com/: [Errno -2] Name or service not known
2026-09-25 07:04:56,803 [INFO] [http_logger] persisting to /datasets/_deepnote_work/Emergens/data/http_logs/requests.jsonl
2026-09-25 07:04:56,803 [INFO] [http_logger] attached to Flask app (buffer=5000)
2026-09-25 07:12:33,880 [INFO] Scan started: job=62bb5428-64a6-49d7-800d-f69e9d45e4b3 target=devtools.biz.id mode=basic tools=['dns_lookup', 'email_security', 'port_scan']
2026-09-25 07:15:42,265 [INFO] Scan started: job=61995abc-44f9-4b6e-ad96-c3dfdd0a833a target=devtools.biz.id mode=expert tools=['dns_lookup', 'email_security', 'port_scan']
2026-09-25 07:30:40,065 [INFO] [http_logger] persisting to /datasets/_deepnote_work/Emergens/data/http_logs/requests.jsonl
2026-09-25 07:30:40,065 [INFO] [http_logger] attached to Flask app (buffer=5000)
2026-09-25 07:34:11,279 [INFO] Scan started: job=6997c725-6634-4ccb-9bd0-9ce15a832296 target=tempail.com mode=basic tools=['email_security', 'port_scan']
